// Jest Snapshot v1, https://goo.gl/fbAQLP

exports[`Test missions button and message Renders first Mission 1`] = `undefined`;
