// Jest Snapshot v1, https://goo.gl/fbAQLP

exports[`Test rocket button and message Renders first Rocket 1`] = `undefined`;
